// Jest Snapshot v1, https://goo.gl/fbAQLP

exports[`Header component renders Header 1`] = `
<DocumentFragment>
  <div
    class="header"
  >
    <img
      alt="logo"
      class="logo"
      src="../../../pawprint.png"
      width="70px"
    />
    <a
      class="headerLink"
      href="/"
    >
      Home
    </a>
  </div>
</DocumentFragment>
`;
